job_id=7648350
partition=intel
node_list=qhcn030
start_time=2026-05-24 16:14:38 +0800
run_dir=/home/jiaoy_group/jiaoy/data/MAGE1.25/kaiju_sami3_voltron_moments_20260523/analysis/runtime_ingest_long300_20260524
voltron_exe=/home/jiaoy_group/jiaoy/data/MAGE1.25/build_gr_sami3_moments_20260523/bin/voltron.x
hostname=qhcn030
python=/apps/support/intel_spr_rocky8.9/anaconda/2024.10/bin/python
omp_threads=8
kmp_stacksize=512M
omp_stacksize=512M
ldd_missing=0

===== BASELINE LONG300 =====
===== RECOMMENDED LONG300 =====
run_complete=1
end_time=2026-05-24 16:31:22 +0800
-rw-r--r-- 1 jiaoy jiaoy_group  63M May 24 16:15 sami3_moments_base_control_long300.gam.Res.00000.h5
lrwxrwxrwx 1 jiaoy jiaoy_group   51 May 24 16:15 sami3_moments_base_control_long300.gam.Res.XXXXX.h5 -> sami3_moments_base_control_long300.gam.Res.00000.h5
-rw-r--r-- 1 jiaoy jiaoy_group 820M May 24 16:23 sami3_moments_base_control_long300.gam.h5
-rw-r--r-- 1 jiaoy jiaoy_group  19M May 24 16:15 sami3_moments_base_control_long300.gamCpl.Res.00000.h5
lrwxrwxrwx 1 jiaoy jiaoy_group   54 May 24 16:15 sami3_moments_base_control_long300.gamCpl.Res.XXXXX.h5 -> sami3_moments_base_control_long300.gamCpl.Res.00000.h5
-rw-r--r-- 1 jiaoy jiaoy_group  26M May 24 16:23 sami3_moments_base_control_long300.gamCpl.h5
-rw-r--r-- 1 jiaoy jiaoy_group 6.3M May 24 16:15 sami3_moments_base_control_long300.mix.Res.00000.h5
lrwxrwxrwx 1 jiaoy jiaoy_group   51 May 24 16:15 sami3_moments_base_control_long300.mix.Res.XXXXX.h5 -> sami3_moments_base_control_long300.mix.Res.00000.h5
-rw-r--r-- 1 jiaoy jiaoy_group 500M May 24 16:23 sami3_moments_base_control_long300.mix.h5
-rw-r--r-- 1 jiaoy jiaoy_group 3.6M May 24 16:15 sami3_moments_base_control_long300.raiCpl.Res.00000.h5
lrwxrwxrwx 1 jiaoy jiaoy_group   54 May 24 16:15 sami3_moments_base_control_long300.raiCpl.Res.XXXXX.h5 -> sami3_moments_base_control_long300.raiCpl.Res.00000.h5
-rw-r--r-- 1 jiaoy jiaoy_group 129M May 24 16:15 sami3_moments_base_control_long300.raiju.Res.00000.h5
lrwxrwxrwx 1 jiaoy jiaoy_group   53 May 24 16:15 sami3_moments_base_control_long300.raiju.Res.XXXXX.h5 -> sami3_moments_base_control_long300.raiju.Res.00000.h5
-rw-r--r-- 1 jiaoy jiaoy_group 577M May 24 16:23 sami3_moments_base_control_long300.raiju.h5
-rw-r--r-- 1 jiaoy jiaoy_group  27M May 24 16:15 sami3_moments_base_control_long300.volt.Res.00000.h5
lrwxrwxrwx 1 jiaoy jiaoy_group   52 May 24 16:15 sami3_moments_base_control_long300.volt.Res.XXXXX.h5 -> sami3_moments_base_control_long300.volt.Res.00000.h5
-rw-r--r-- 1 jiaoy jiaoy_group 266M May 24 16:23 sami3_moments_base_control_long300.volt.h5
-rw-r--r-- 1 jiaoy jiaoy_group  63M May 24 16:23 sami3_moments_dsB_lmlt_recommended_long300.gam.Res.00000.h5
lrwxrwxrwx 1 jiaoy jiaoy_group   59 May 24 16:23 sami3_moments_dsB_lmlt_recommended_long300.gam.Res.XXXXX.h5 -> sami3_moments_dsB_lmlt_recommended_long300.gam.Res.00000.h5
-rw-r--r-- 1 jiaoy jiaoy_group 820M May 24 16:31 sami3_moments_dsB_lmlt_recommended_long300.gam.h5
-rw-r--r-- 1 jiaoy jiaoy_group  19M May 24 16:23 sami3_moments_dsB_lmlt_recommended_long300.gamCpl.Res.00000.h5
lrwxrwxrwx 1 jiaoy jiaoy_group   62 May 24 16:23 sami3_moments_dsB_lmlt_recommended_long300.gamCpl.Res.XXXXX.h5 -> sami3_moments_dsB_lmlt_recommended_long300.gamCpl.Res.00000.h5
-rw-r--r-- 1 jiaoy jiaoy_group  26M May 24 16:31 sami3_moments_dsB_lmlt_recommended_long300.gamCpl.h5
-rw-r--r-- 1 jiaoy jiaoy_group 6.3M May 24 16:23 sami3_moments_dsB_lmlt_recommended_long300.mix.Res.00000.h5
lrwxrwxrwx 1 jiaoy jiaoy_group   59 May 24 16:23 sami3_moments_dsB_lmlt_recommended_long300.mix.Res.XXXXX.h5 -> sami3_moments_dsB_lmlt_recommended_long300.mix.Res.00000.h5
-rw-r--r-- 1 jiaoy jiaoy_group 500M May 24 16:31 sami3_moments_dsB_lmlt_recommended_long300.mix.h5
-rw-r--r-- 1 jiaoy jiaoy_group 3.6M May 24 16:23 sami3_moments_dsB_lmlt_recommended_long300.raiCpl.Res.00000.h5
lrwxrwxrwx 1 jiaoy jiaoy_group   62 May 24 16:23 sami3_moments_dsB_lmlt_recommended_long300.raiCpl.Res.XXXXX.h5 -> sami3_moments_dsB_lmlt_recommended_long300.raiCpl.Res.00000.h5
-rw-r--r-- 1 jiaoy jiaoy_group 129M May 24 16:23 sami3_moments_dsB_lmlt_recommended_long300.raiju.Res.00000.h5
lrwxrwxrwx 1 jiaoy jiaoy_group   61 May 24 16:23 sami3_moments_dsB_lmlt_recommended_long300.raiju.Res.XXXXX.h5 -> sami3_moments_dsB_lmlt_recommended_long300.raiju.Res.00000.h5
-rw-r--r-- 1 jiaoy jiaoy_group 577M May 24 16:31 sami3_moments_dsB_lmlt_recommended_long300.raiju.h5
-rw-r--r-- 1 jiaoy jiaoy_group  27M May 24 16:23 sami3_moments_dsB_lmlt_recommended_long300.volt.Res.00000.h5
lrwxrwxrwx 1 jiaoy jiaoy_group   60 May 24 16:23 sami3_moments_dsB_lmlt_recommended_long300.volt.Res.XXXXX.h5 -> sami3_moments_dsB_lmlt_recommended_long300.volt.Res.00000.h5
-rw-r--r-- 1 jiaoy jiaoy_group 266M May 24 16:31 sami3_moments_dsB_lmlt_recommended_long300.volt.h5
