job_id=7678065
partition=intel
node_list=qhcn067
start_time=2026-05-26 00:23:22 +0800
run_dir=/home/jiaoy_group/jiaoy/data/MAGE1.25/kaiju_sami3_voltron_moments_20260523/analysis/runtime_ingest_tubeshell_bin_bvol_overlap_exclude_lmax_smoke_20260526
voltron_exe=/home/jiaoy_group/jiaoy/data/MAGE1.25/build_gr_sami3_moments_20260523/bin/voltron.x
labels=exclude_lmax_alpha0_smoke exclude_lmax_dens005_smoke
mode=tubeshell_bin_bvol_overlap_exclude_lmax_runtime_pair
alpha0: alphaPavg=0 alphaDavg=0 alphaPstd=0 alphaDstd=0 alphaTiote=0
dens005: alphaPavg=0 alphaDavg=0.05 alphaPstd=0 alphaDstd=0 alphaTiote=0
hostname=qhcn067
python=/apps/support/intel_spr_rocky8.9/anaconda/2024.10/bin/python
omp_threads=8
kmp_stacksize=512M
omp_stacksize=512M
ldd_missing=0

===== RUN tinyCase_base_control_exclude_lmax_alpha0_smoke.xml =====
===== RUN tinyCase_sami3_moments_dsB_lmlt_recommended_exclude_lmax_alpha0_smoke.xml =====
===== RUN tinyCase_base_control_exclude_lmax_dens005_smoke.xml =====
===== RUN tinyCase_sami3_moments_dsB_lmlt_recommended_exclude_lmax_dens005_smoke.xml =====
run_complete=1
end_time=2026-05-26 00:27:30 +0800
-rw-r--r-- 1 jiaoy jiaoy_group  63M May 26 00:24 sami3_moments_base_control_exclude_lmax_alpha0_smoke.gam.Res.00000.h5
lrwxrwxrwx 1 jiaoy jiaoy_group   69 May 26 00:24 sami3_moments_base_control_exclude_lmax_alpha0_smoke.gam.Res.XXXXX.h5 -> sami3_moments_base_control_exclude_lmax_alpha0_smoke.gam.Res.00000.h5
-rw-r--r-- 1 jiaoy jiaoy_group  59M May 26 00:24 sami3_moments_base_control_exclude_lmax_alpha0_smoke.gam.h5
-rw-r--r-- 1 jiaoy jiaoy_group  19M May 26 00:24 sami3_moments_base_control_exclude_lmax_alpha0_smoke.gamCpl.Res.00000.h5
lrwxrwxrwx 1 jiaoy jiaoy_group   72 May 26 00:24 sami3_moments_base_control_exclude_lmax_alpha0_smoke.gamCpl.Res.XXXXX.h5 -> sami3_moments_base_control_exclude_lmax_alpha0_smoke.gamCpl.Res.00000.h5
-rw-r--r-- 1 jiaoy jiaoy_group 1.7M May 26 00:24 sami3_moments_base_control_exclude_lmax_alpha0_smoke.gamCpl.h5
-rw-r--r-- 1 jiaoy jiaoy_group 6.3M May 26 00:24 sami3_moments_base_control_exclude_lmax_alpha0_smoke.mix.Res.00000.h5
lrwxrwxrwx 1 jiaoy jiaoy_group   69 May 26 00:24 sami3_moments_base_control_exclude_lmax_alpha0_smoke.mix.Res.XXXXX.h5 -> sami3_moments_base_control_exclude_lmax_alpha0_smoke.mix.Res.00000.h5
-rw-r--r-- 1 jiaoy jiaoy_group  33M May 26 00:24 sami3_moments_base_control_exclude_lmax_alpha0_smoke.mix.h5
-rw-r--r-- 1 jiaoy jiaoy_group 3.6M May 26 00:24 sami3_moments_base_control_exclude_lmax_alpha0_smoke.raiCpl.Res.00000.h5
lrwxrwxrwx 1 jiaoy jiaoy_group   72 May 26 00:24 sami3_moments_base_control_exclude_lmax_alpha0_smoke.raiCpl.Res.XXXXX.h5 -> sami3_moments_base_control_exclude_lmax_alpha0_smoke.raiCpl.Res.00000.h5
-rw-r--r-- 1 jiaoy jiaoy_group 129M May 26 00:24 sami3_moments_base_control_exclude_lmax_alpha0_smoke.raiju.Res.00000.h5
lrwxrwxrwx 1 jiaoy jiaoy_group   71 May 26 00:24 sami3_moments_base_control_exclude_lmax_alpha0_smoke.raiju.Res.XXXXX.h5 -> sami3_moments_base_control_exclude_lmax_alpha0_smoke.raiju.Res.00000.h5
-rw-r--r-- 1 jiaoy jiaoy_group  38M May 26 00:24 sami3_moments_base_control_exclude_lmax_alpha0_smoke.raiju.h5
-rw-r--r-- 1 jiaoy jiaoy_group  28M May 26 00:24 sami3_moments_base_control_exclude_lmax_alpha0_smoke.volt.Res.00000.h5
lrwxrwxrwx 1 jiaoy jiaoy_group   70 May 26 00:24 sami3_moments_base_control_exclude_lmax_alpha0_smoke.volt.Res.XXXXX.h5 -> sami3_moments_base_control_exclude_lmax_alpha0_smoke.volt.Res.00000.h5
-rw-r--r-- 1 jiaoy jiaoy_group  19M May 26 00:24 sami3_moments_base_control_exclude_lmax_alpha0_smoke.volt.h5
-rw-r--r-- 1 jiaoy jiaoy_group  63M May 26 00:26 sami3_moments_base_control_exclude_lmax_dens005_smoke.gam.Res.00000.h5
lrwxrwxrwx 1 jiaoy jiaoy_group   70 May 26 00:26 sami3_moments_base_control_exclude_lmax_dens005_smoke.gam.Res.XXXXX.h5 -> sami3_moments_base_control_exclude_lmax_dens005_smoke.gam.Res.00000.h5
-rw-r--r-- 1 jiaoy jiaoy_group  59M May 26 00:26 sami3_moments_base_control_exclude_lmax_dens005_smoke.gam.h5
-rw-r--r-- 1 jiaoy jiaoy_group  19M May 26 00:26 sami3_moments_base_control_exclude_lmax_dens005_smoke.gamCpl.Res.00000.h5
lrwxrwxrwx 1 jiaoy jiaoy_group   73 May 26 00:26 sami3_moments_base_control_exclude_lmax_dens005_smoke.gamCpl.Res.XXXXX.h5 -> sami3_moments_base_control_exclude_lmax_dens005_smoke.gamCpl.Res.00000.h5
-rw-r--r-- 1 jiaoy jiaoy_group 1.7M May 26 00:26 sami3_moments_base_control_exclude_lmax_dens005_smoke.gamCpl.h5
-rw-r--r-- 1 jiaoy jiaoy_group 6.3M May 26 00:26 sami3_moments_base_control_exclude_lmax_dens005_smoke.mix.Res.00000.h5
lrwxrwxrwx 1 jiaoy jiaoy_group   70 May 26 00:26 sami3_moments_base_control_exclude_lmax_dens005_smoke.mix.Res.XXXXX.h5 -> sami3_moments_base_control_exclude_lmax_dens005_smoke.mix.Res.00000.h5
-rw-r--r-- 1 jiaoy jiaoy_group  33M May 26 00:26 sami3_moments_base_control_exclude_lmax_dens005_smoke.mix.h5
-rw-r--r-- 1 jiaoy jiaoy_group 3.6M May 26 00:26 sami3_moments_base_control_exclude_lmax_dens005_smoke.raiCpl.Res.00000.h5
lrwxrwxrwx 1 jiaoy jiaoy_group   73 May 26 00:26 sami3_moments_base_control_exclude_lmax_dens005_smoke.raiCpl.Res.XXXXX.h5 -> sami3_moments_base_control_exclude_lmax_dens005_smoke.raiCpl.Res.00000.h5
-rw-r--r-- 1 jiaoy jiaoy_group 129M May 26 00:26 sami3_moments_base_control_exclude_lmax_dens005_smoke.raiju.Res.00000.h5
lrwxrwxrwx 1 jiaoy jiaoy_group   72 May 26 00:26 sami3_moments_base_control_exclude_lmax_dens005_smoke.raiju.Res.XXXXX.h5 -> sami3_moments_base_control_exclude_lmax_dens005_smoke.raiju.Res.00000.h5
-rw-r--r-- 1 jiaoy jiaoy_group  38M May 26 00:26 sami3_moments_base_control_exclude_lmax_dens005_smoke.raiju.h5
-rw-r--r-- 1 jiaoy jiaoy_group  28M May 26 00:26 sami3_moments_base_control_exclude_lmax_dens005_smoke.volt.Res.00000.h5
lrwxrwxrwx 1 jiaoy jiaoy_group   71 May 26 00:26 sami3_moments_base_control_exclude_lmax_dens005_smoke.volt.Res.XXXXX.h5 -> sami3_moments_base_control_exclude_lmax_dens005_smoke.volt.Res.00000.h5
-rw-r--r-- 1 jiaoy jiaoy_group  19M May 26 00:26 sami3_moments_base_control_exclude_lmax_dens005_smoke.volt.h5
-rw-r--r-- 1 jiaoy jiaoy_group  63M May 26 00:25 sami3_moments_dsB_lmlt_recommended_exclude_lmax_alpha0_smoke.gam.Res.00000.h5
lrwxrwxrwx 1 jiaoy jiaoy_group   77 May 26 00:25 sami3_moments_dsB_lmlt_recommended_exclude_lmax_alpha0_smoke.gam.Res.XXXXX.h5 -> sami3_moments_dsB_lmlt_recommended_exclude_lmax_alpha0_smoke.gam.Res.00000.h5
-rw-r--r-- 1 jiaoy jiaoy_group  59M May 26 00:25 sami3_moments_dsB_lmlt_recommended_exclude_lmax_alpha0_smoke.gam.h5
-rw-r--r-- 1 jiaoy jiaoy_group  19M May 26 00:25 sami3_moments_dsB_lmlt_recommended_exclude_lmax_alpha0_smoke.gamCpl.Res.00000.h5
lrwxrwxrwx 1 jiaoy jiaoy_group   80 May 26 00:25 sami3_moments_dsB_lmlt_recommended_exclude_lmax_alpha0_smoke.gamCpl.Res.XXXXX.h5 -> sami3_moments_dsB_lmlt_recommended_exclude_lmax_alpha0_smoke.gamCpl.Res.00000.h5
-rw-r--r-- 1 jiaoy jiaoy_group 1.7M May 26 00:25 sami3_moments_dsB_lmlt_recommended_exclude_lmax_alpha0_smoke.gamCpl.h5
-rw-r--r-- 1 jiaoy jiaoy_group 6.3M May 26 00:25 sami3_moments_dsB_lmlt_recommended_exclude_lmax_alpha0_smoke.mix.Res.00000.h5
lrwxrwxrwx 1 jiaoy jiaoy_group   77 May 26 00:25 sami3_moments_dsB_lmlt_recommended_exclude_lmax_alpha0_smoke.mix.Res.XXXXX.h5 -> sami3_moments_dsB_lmlt_recommended_exclude_lmax_alpha0_smoke.mix.Res.00000.h5
-rw-r--r-- 1 jiaoy jiaoy_group  33M May 26 00:25 sami3_moments_dsB_lmlt_recommended_exclude_lmax_alpha0_smoke.mix.h5
-rw-r--r-- 1 jiaoy jiaoy_group 3.6M May 26 00:25 sami3_moments_dsB_lmlt_recommended_exclude_lmax_alpha0_smoke.raiCpl.Res.00000.h5
lrwxrwxrwx 1 jiaoy jiaoy_group   80 May 26 00:25 sami3_moments_dsB_lmlt_recommended_exclude_lmax_alpha0_smoke.raiCpl.Res.XXXXX.h5 -> sami3_moments_dsB_lmlt_recommended_exclude_lmax_alpha0_smoke.raiCpl.Res.00000.h5
-rw-r--r-- 1 jiaoy jiaoy_group 129M May 26 00:25 sami3_moments_dsB_lmlt_recommended_exclude_lmax_alpha0_smoke.raiju.Res.00000.h5
lrwxrwxrwx 1 jiaoy jiaoy_group   79 May 26 00:25 sami3_moments_dsB_lmlt_recommended_exclude_lmax_alpha0_smoke.raiju.Res.XXXXX.h5 -> sami3_moments_dsB_lmlt_recommended_exclude_lmax_alpha0_smoke.raiju.Res.00000.h5
-rw-r--r-- 1 jiaoy jiaoy_group  38M May 26 00:25 sami3_moments_dsB_lmlt_recommended_exclude_lmax_alpha0_smoke.raiju.h5
-rw-r--r-- 1 jiaoy jiaoy_group  28M May 26 00:25 sami3_moments_dsB_lmlt_recommended_exclude_lmax_alpha0_smoke.volt.Res.00000.h5
lrwxrwxrwx 1 jiaoy jiaoy_group   78 May 26 00:25 sami3_moments_dsB_lmlt_recommended_exclude_lmax_alpha0_smoke.volt.Res.XXXXX.h5 -> sami3_moments_dsB_lmlt_recommended_exclude_lmax_alpha0_smoke.volt.Res.00000.h5
-rw-r--r-- 1 jiaoy jiaoy_group  19M May 26 00:25 sami3_moments_dsB_lmlt_recommended_exclude_lmax_alpha0_smoke.volt.h5
-rw-r--r-- 1 jiaoy jiaoy_group  63M May 26 00:27 sami3_moments_dsB_lmlt_recommended_exclude_lmax_dens005_smoke.gam.Res.00000.h5
lrwxrwxrwx 1 jiaoy jiaoy_group   78 May 26 00:27 sami3_moments_dsB_lmlt_recommended_exclude_lmax_dens005_smoke.gam.Res.XXXXX.h5 -> sami3_moments_dsB_lmlt_recommended_exclude_lmax_dens005_smoke.gam.Res.00000.h5
-rw-r--r-- 1 jiaoy jiaoy_group  59M May 26 00:27 sami3_moments_dsB_lmlt_recommended_exclude_lmax_dens005_smoke.gam.h5
-rw-r--r-- 1 jiaoy jiaoy_group  19M May 26 00:27 sami3_moments_dsB_lmlt_recommended_exclude_lmax_dens005_smoke.gamCpl.Res.00000.h5
lrwxrwxrwx 1 jiaoy jiaoy_group   81 May 26 00:27 sami3_moments_dsB_lmlt_recommended_exclude_lmax_dens005_smoke.gamCpl.Res.XXXXX.h5 -> sami3_moments_dsB_lmlt_recommended_exclude_lmax_dens005_smoke.gamCpl.Res.00000.h5
-rw-r--r-- 1 jiaoy jiaoy_group 1.7M May 26 00:27 sami3_moments_dsB_lmlt_recommended_exclude_lmax_dens005_smoke.gamCpl.h5
-rw-r--r-- 1 jiaoy jiaoy_group 6.3M May 26 00:27 sami3_moments_dsB_lmlt_recommended_exclude_lmax_dens005_smoke.mix.Res.00000.h5
lrwxrwxrwx 1 jiaoy jiaoy_group   78 May 26 00:27 sami3_moments_dsB_lmlt_recommended_exclude_lmax_dens005_smoke.mix.Res.XXXXX.h5 -> sami3_moments_dsB_lmlt_recommended_exclude_lmax_dens005_smoke.mix.Res.00000.h5
-rw-r--r-- 1 jiaoy jiaoy_group  33M May 26 00:27 sami3_moments_dsB_lmlt_recommended_exclude_lmax_dens005_smoke.mix.h5
-rw-r--r-- 1 jiaoy jiaoy_group 3.6M May 26 00:27 sami3_moments_dsB_lmlt_recommended_exclude_lmax_dens005_smoke.raiCpl.Res.00000.h5
lrwxrwxrwx 1 jiaoy jiaoy_group   81 May 26 00:27 sami3_moments_dsB_lmlt_recommended_exclude_lmax_dens005_smoke.raiCpl.Res.XXXXX.h5 -> sami3_moments_dsB_lmlt_recommended_exclude_lmax_dens005_smoke.raiCpl.Res.00000.h5
-rw-r--r-- 1 jiaoy jiaoy_group 129M May 26 00:27 sami3_moments_dsB_lmlt_recommended_exclude_lmax_dens005_smoke.raiju.Res.00000.h5
lrwxrwxrwx 1 jiaoy jiaoy_group   80 May 26 00:27 sami3_moments_dsB_lmlt_recommended_exclude_lmax_dens005_smoke.raiju.Res.XXXXX.h5 -> sami3_moments_dsB_lmlt_recommended_exclude_lmax_dens005_smoke.raiju.Res.00000.h5
-rw-r--r-- 1 jiaoy jiaoy_group  38M May 26 00:27 sami3_moments_dsB_lmlt_recommended_exclude_lmax_dens005_smoke.raiju.h5
-rw-r--r-- 1 jiaoy jiaoy_group  28M May 26 00:27 sami3_moments_dsB_lmlt_recommended_exclude_lmax_dens005_smoke.volt.Res.00000.h5
lrwxrwxrwx 1 jiaoy jiaoy_group   79 May 26 00:27 sami3_moments_dsB_lmlt_recommended_exclude_lmax_dens005_smoke.volt.Res.XXXXX.h5 -> sami3_moments_dsB_lmlt_recommended_exclude_lmax_dens005_smoke.volt.Res.00000.h5
-rw-r--r-- 1 jiaoy jiaoy_group  19M May 26 00:27 sami3_moments_dsB_lmlt_recommended_exclude_lmax_dens005_smoke.volt.h5
