job_id=7673207
partition=intel
node_list=qhcn075
start_time=2026-05-25 17:15:32 +0800
run_dir=/home/jiaoy_group/jiaoy/data/MAGE1.25/kaiju_sami3_voltron_moments_20260523/analysis/runtime_ingest_tubeshell_bin_bvolcc_tiote_long1800_20260525
voltron_exe=/home/jiaoy_group/jiaoy/data/MAGE1.25/build_gr_sami3_moments_20260523/bin/voltron.x
label=long1800_bvolcc_tiote
mode=tubeshell_bin_bvolcc_density_plus_tiote
baseline_reused_from=/home/jiaoy_group/jiaoy/data/MAGE1.25/kaiju_sami3_voltron_moments_20260523/analysis/runtime_ingest_tubeshell_bin_bvolcc_conservative_long1800_20260525
alphaDavg=0.05
alphaPavg=0.0
alphaPstd=0.0
alphaDstd=0.0
alphaTiote=1.0
useStateTioteForIngest=T
hostname=qhcn075
python=/apps/support/intel_spr_rocky8.9/anaconda/2024.10/bin/python
omp_threads=8
kmp_stacksize=512M
omp_stacksize=512M
ldd_missing=0

===== BASELINE LONG1800 REUSED =====
lrwxrwxrwx 1 jiaoy jiaoy_group 188 May 25 17:13 base_control_long1800_bvolcc_tiote.log -> /home/jiaoy_group/jiaoy/data/MAGE1.25/kaiju_sami3_voltron_moments_20260523/analysis/runtime_ingest_tubeshell_bin_bvolcc_conservative_long1800_20260525/base_control_long1800_bvolcc_cons.log
lrwxrwxrwx 1 jiaoy jiaoy_group 218 May 25 17:13 sami3_moments_base_control_long1800_bvolcc_tiote.raiCpl.Res.00000.h5 -> /home/jiaoy_group/jiaoy/data/MAGE1.25/kaiju_sami3_voltron_moments_20260523/analysis/runtime_ingest_tubeshell_bin_bvolcc_conservative_long1800_20260525/sami3_moments_base_control_long1800_bvolcc_cons.raiCpl.Res.00000.h5
===== SAMI3 TUBESHELL BIN-BVOLCC TIOTE LONG1800 =====
run_complete=1
end_time=2026-05-25 17:54:56 +0800
lrwxrwxrwx 1 jiaoy jiaoy_group  215 May 25 17:13 sami3_moments_base_control_long1800_bvolcc_tiote.gam.Res.00000.h5 -> /home/jiaoy_group/jiaoy/data/MAGE1.25/kaiju_sami3_voltron_moments_20260523/analysis/runtime_ingest_tubeshell_bin_bvolcc_conservative_long1800_20260525/sami3_moments_base_control_long1800_bvolcc_cons.gam.Res.00000.h5
lrwxrwxrwx 1 jiaoy jiaoy_group  205 May 25 17:13 sami3_moments_base_control_long1800_bvolcc_tiote.gam.h5 -> /home/jiaoy_group/jiaoy/data/MAGE1.25/kaiju_sami3_voltron_moments_20260523/analysis/runtime_ingest_tubeshell_bin_bvolcc_conservative_long1800_20260525/sami3_moments_base_control_long1800_bvolcc_cons.gam.h5
lrwxrwxrwx 1 jiaoy jiaoy_group  218 May 25 17:13 sami3_moments_base_control_long1800_bvolcc_tiote.raiCpl.Res.00000.h5 -> /home/jiaoy_group/jiaoy/data/MAGE1.25/kaiju_sami3_voltron_moments_20260523/analysis/runtime_ingest_tubeshell_bin_bvolcc_conservative_long1800_20260525/sami3_moments_base_control_long1800_bvolcc_cons.raiCpl.Res.00000.h5
lrwxrwxrwx 1 jiaoy jiaoy_group  217 May 25 17:13 sami3_moments_base_control_long1800_bvolcc_tiote.raiju.Res.00000.h5 -> /home/jiaoy_group/jiaoy/data/MAGE1.25/kaiju_sami3_voltron_moments_20260523/analysis/runtime_ingest_tubeshell_bin_bvolcc_conservative_long1800_20260525/sami3_moments_base_control_long1800_bvolcc_cons.raiju.Res.00000.h5
lrwxrwxrwx 1 jiaoy jiaoy_group  207 May 25 17:13 sami3_moments_base_control_long1800_bvolcc_tiote.raiju.h5 -> /home/jiaoy_group/jiaoy/data/MAGE1.25/kaiju_sami3_voltron_moments_20260523/analysis/runtime_ingest_tubeshell_bin_bvolcc_conservative_long1800_20260525/sami3_moments_base_control_long1800_bvolcc_cons.raiju.h5
-rw-r--r-- 1 jiaoy jiaoy_group  63M May 25 17:16 sami3_moments_dsB_lmlt_recommended_long1800_bvolcc_tiote.gam.Res.00000.h5
lrwxrwxrwx 1 jiaoy jiaoy_group   73 May 25 17:16 sami3_moments_dsB_lmlt_recommended_long1800_bvolcc_tiote.gam.Res.XXXXX.h5 -> sami3_moments_dsB_lmlt_recommended_long1800_bvolcc_tiote.gam.Res.00000.h5
-rw-r--r-- 1 jiaoy jiaoy_group 4.7G May 25 17:54 sami3_moments_dsB_lmlt_recommended_long1800_bvolcc_tiote.gam.h5
-rw-r--r-- 1 jiaoy jiaoy_group  19M May 25 17:16 sami3_moments_dsB_lmlt_recommended_long1800_bvolcc_tiote.gamCpl.Res.00000.h5
lrwxrwxrwx 1 jiaoy jiaoy_group   76 May 25 17:16 sami3_moments_dsB_lmlt_recommended_long1800_bvolcc_tiote.gamCpl.Res.XXXXX.h5 -> sami3_moments_dsB_lmlt_recommended_long1800_bvolcc_tiote.gamCpl.Res.00000.h5
-rw-r--r-- 1 jiaoy jiaoy_group 150M May 25 17:54 sami3_moments_dsB_lmlt_recommended_long1800_bvolcc_tiote.gamCpl.h5
-rw-r--r-- 1 jiaoy jiaoy_group 6.3M May 25 17:16 sami3_moments_dsB_lmlt_recommended_long1800_bvolcc_tiote.mix.Res.00000.h5
lrwxrwxrwx 1 jiaoy jiaoy_group   73 May 25 17:16 sami3_moments_dsB_lmlt_recommended_long1800_bvolcc_tiote.mix.Res.XXXXX.h5 -> sami3_moments_dsB_lmlt_recommended_long1800_bvolcc_tiote.mix.Res.00000.h5
-rw-r--r-- 1 jiaoy jiaoy_group 2.9G May 25 17:54 sami3_moments_dsB_lmlt_recommended_long1800_bvolcc_tiote.mix.h5
-rw-r--r-- 1 jiaoy jiaoy_group 3.6M May 25 17:16 sami3_moments_dsB_lmlt_recommended_long1800_bvolcc_tiote.raiCpl.Res.00000.h5
lrwxrwxrwx 1 jiaoy jiaoy_group   76 May 25 17:16 sami3_moments_dsB_lmlt_recommended_long1800_bvolcc_tiote.raiCpl.Res.XXXXX.h5 -> sami3_moments_dsB_lmlt_recommended_long1800_bvolcc_tiote.raiCpl.Res.00000.h5
-rw-r--r-- 1 jiaoy jiaoy_group 129M May 25 17:16 sami3_moments_dsB_lmlt_recommended_long1800_bvolcc_tiote.raiju.Res.00000.h5
lrwxrwxrwx 1 jiaoy jiaoy_group   75 May 25 17:16 sami3_moments_dsB_lmlt_recommended_long1800_bvolcc_tiote.raiju.Res.XXXXX.h5 -> sami3_moments_dsB_lmlt_recommended_long1800_bvolcc_tiote.raiju.Res.00000.h5
-rw-r--r-- 1 jiaoy jiaoy_group 3.3G May 25 17:54 sami3_moments_dsB_lmlt_recommended_long1800_bvolcc_tiote.raiju.h5
-rw-r--r-- 1 jiaoy jiaoy_group  27M May 25 17:16 sami3_moments_dsB_lmlt_recommended_long1800_bvolcc_tiote.volt.Res.00000.h5
lrwxrwxrwx 1 jiaoy jiaoy_group   74 May 25 17:16 sami3_moments_dsB_lmlt_recommended_long1800_bvolcc_tiote.volt.Res.XXXXX.h5 -> sami3_moments_dsB_lmlt_recommended_long1800_bvolcc_tiote.volt.Res.00000.h5
-rw-r--r-- 1 jiaoy jiaoy_group 1.6G May 25 17:54 sami3_moments_dsB_lmlt_recommended_long1800_bvolcc_tiote.volt.h5
