TERMINATING DVM...DONE
WACCMX_RECV_QC compare failed; first mismatches:
(1, 'valid_i', 131019, 137447)
(1, 'invalid_i', 57461, 51033)
(1, 'valid_f', 131019, 137447)
(1, 'invalid_f', 57461, 51033)
(1, 'sum_tni', 79097431.50196838, 86374557.87690735)
(1, 'sum_ui', 119100846.31048122, 151921991.00523913)
(1, 'sum_vi', 284173962.4545926, 308873611.9689175)
(1, 'sum_tnf', 79097431.50196838, 86374557.87690735)
(1, 'sum_uf', 119100846.31048122, 151921991.00523913)
(1, 'sum_vf', 284173962.4545926, 308873611.9689175)
(2, 'valid_i', 130706, 136911)
(2, 'invalid_i', 57774, 51569)
(2, 'valid_f', 130706, 136911)
(2, 'invalid_f', 57774, 51569)
(2, 'sum_tni', 77225812.22669983, 84046136.84822083)
(2, 'sum_ui', 109879564.5895415, 141349587.46827212)
(2, 'sum_vi', 268662017.13273376, 288411597.93815)
(2, 'sum_tnf', 77225812.22669983, 84046136.84822083)
(2, 'sum_uf', 109879564.5895415, 141349587.46827212)
(2, 'sum_vf', 268662017.13273376, 288411597.93815)
