job_id=7660334
partition=intel
node_list=qhcn095
start_time=2026-05-25 02:09:21 +0800
run_dir=/home/jiaoy_group/jiaoy/data/MAGE1.25/kaiju_sami3_voltron_moments_20260523/analysis/runtime_ingest_long900_20260525
voltron_exe=/home/jiaoy_group/jiaoy/data/MAGE1.25/build_gr_sami3_moments_20260523/bin/voltron.x
hostname=qhcn095
python=/apps/support/intel_spr_rocky8.9/anaconda/2024.10/bin/python
omp_threads=8
kmp_stacksize=512M
omp_stacksize=512M
ldd_missing=0

===== BASELINE LONG900 =====
===== RECOMMENDED LONG900 =====
run_complete=1
end_time=2026-05-25 02:58:05 +0800
-rw-r--r-- 1 jiaoy jiaoy_group  63M May 25 02:10 sami3_moments_base_control_long900.gam.Res.00000.h5
lrwxrwxrwx 1 jiaoy jiaoy_group   51 May 25 02:10 sami3_moments_base_control_long900.gam.Res.XXXXX.h5 -> sami3_moments_base_control_long900.gam.Res.00000.h5
-rw-r--r-- 1 jiaoy jiaoy_group 2.4G May 25 02:34 sami3_moments_base_control_long900.gam.h5
-rw-r--r-- 1 jiaoy jiaoy_group  19M May 25 02:10 sami3_moments_base_control_long900.gamCpl.Res.00000.h5
lrwxrwxrwx 1 jiaoy jiaoy_group   54 May 25 02:10 sami3_moments_base_control_long900.gamCpl.Res.XXXXX.h5 -> sami3_moments_base_control_long900.gamCpl.Res.00000.h5
-rw-r--r-- 1 jiaoy jiaoy_group  76M May 25 02:34 sami3_moments_base_control_long900.gamCpl.h5
-rw-r--r-- 1 jiaoy jiaoy_group 6.3M May 25 02:10 sami3_moments_base_control_long900.mix.Res.00000.h5
lrwxrwxrwx 1 jiaoy jiaoy_group   51 May 25 02:10 sami3_moments_base_control_long900.mix.Res.XXXXX.h5 -> sami3_moments_base_control_long900.mix.Res.00000.h5
-rw-r--r-- 1 jiaoy jiaoy_group 1.5G May 25 02:34 sami3_moments_base_control_long900.mix.h5
-rw-r--r-- 1 jiaoy jiaoy_group 3.6M May 25 02:10 sami3_moments_base_control_long900.raiCpl.Res.00000.h5
lrwxrwxrwx 1 jiaoy jiaoy_group   54 May 25 02:10 sami3_moments_base_control_long900.raiCpl.Res.XXXXX.h5 -> sami3_moments_base_control_long900.raiCpl.Res.00000.h5
-rw-r--r-- 1 jiaoy jiaoy_group 129M May 25 02:10 sami3_moments_base_control_long900.raiju.Res.00000.h5
lrwxrwxrwx 1 jiaoy jiaoy_group   53 May 25 02:10 sami3_moments_base_control_long900.raiju.Res.XXXXX.h5 -> sami3_moments_base_control_long900.raiju.Res.00000.h5
-rw-r--r-- 1 jiaoy jiaoy_group 1.7G May 25 02:34 sami3_moments_base_control_long900.raiju.h5
-rw-r--r-- 1 jiaoy jiaoy_group  27M May 25 02:10 sami3_moments_base_control_long900.volt.Res.00000.h5
lrwxrwxrwx 1 jiaoy jiaoy_group   52 May 25 02:10 sami3_moments_base_control_long900.volt.Res.XXXXX.h5 -> sami3_moments_base_control_long900.volt.Res.00000.h5
-rw-r--r-- 1 jiaoy jiaoy_group 777M May 25 02:34 sami3_moments_base_control_long900.volt.h5
-rw-r--r-- 1 jiaoy jiaoy_group  63M May 25 02:35 sami3_moments_dsB_lmlt_recommended_long900.gam.Res.00000.h5
lrwxrwxrwx 1 jiaoy jiaoy_group   59 May 25 02:35 sami3_moments_dsB_lmlt_recommended_long900.gam.Res.XXXXX.h5 -> sami3_moments_dsB_lmlt_recommended_long900.gam.Res.00000.h5
-rw-r--r-- 1 jiaoy jiaoy_group 2.4G May 25 02:58 sami3_moments_dsB_lmlt_recommended_long900.gam.h5
-rw-r--r-- 1 jiaoy jiaoy_group  19M May 25 02:35 sami3_moments_dsB_lmlt_recommended_long900.gamCpl.Res.00000.h5
lrwxrwxrwx 1 jiaoy jiaoy_group   62 May 25 02:35 sami3_moments_dsB_lmlt_recommended_long900.gamCpl.Res.XXXXX.h5 -> sami3_moments_dsB_lmlt_recommended_long900.gamCpl.Res.00000.h5
-rw-r--r-- 1 jiaoy jiaoy_group  76M May 25 02:58 sami3_moments_dsB_lmlt_recommended_long900.gamCpl.h5
-rw-r--r-- 1 jiaoy jiaoy_group 6.3M May 25 02:35 sami3_moments_dsB_lmlt_recommended_long900.mix.Res.00000.h5
lrwxrwxrwx 1 jiaoy jiaoy_group   59 May 25 02:35 sami3_moments_dsB_lmlt_recommended_long900.mix.Res.XXXXX.h5 -> sami3_moments_dsB_lmlt_recommended_long900.mix.Res.00000.h5
-rw-r--r-- 1 jiaoy jiaoy_group 1.5G May 25 02:58 sami3_moments_dsB_lmlt_recommended_long900.mix.h5
-rw-r--r-- 1 jiaoy jiaoy_group 3.6M May 25 02:35 sami3_moments_dsB_lmlt_recommended_long900.raiCpl.Res.00000.h5
lrwxrwxrwx 1 jiaoy jiaoy_group   62 May 25 02:35 sami3_moments_dsB_lmlt_recommended_long900.raiCpl.Res.XXXXX.h5 -> sami3_moments_dsB_lmlt_recommended_long900.raiCpl.Res.00000.h5
-rw-r--r-- 1 jiaoy jiaoy_group 129M May 25 02:35 sami3_moments_dsB_lmlt_recommended_long900.raiju.Res.00000.h5
lrwxrwxrwx 1 jiaoy jiaoy_group   61 May 25 02:35 sami3_moments_dsB_lmlt_recommended_long900.raiju.Res.XXXXX.h5 -> sami3_moments_dsB_lmlt_recommended_long900.raiju.Res.00000.h5
-rw-r--r-- 1 jiaoy jiaoy_group 1.7G May 25 02:58 sami3_moments_dsB_lmlt_recommended_long900.raiju.h5
-rw-r--r-- 1 jiaoy jiaoy_group  27M May 25 02:35 sami3_moments_dsB_lmlt_recommended_long900.volt.Res.00000.h5
lrwxrwxrwx 1 jiaoy jiaoy_group   60 May 25 02:35 sami3_moments_dsB_lmlt_recommended_long900.volt.Res.XXXXX.h5 -> sami3_moments_dsB_lmlt_recommended_long900.volt.Res.00000.h5
-rw-r--r-- 1 jiaoy jiaoy_group 777M May 25 02:58 sami3_moments_dsB_lmlt_recommended_long900.volt.h5
