job_id=7649439
partition=intel
node_list=qhcn078
start_time=2026-05-24 18:16:10 +0800
run_dir=/home/jiaoy_group/jiaoy/data/MAGE1.25/kaiju_sami3_voltron_moments_20260523/analysis/runtime_ingest_voltron_shell_20260524
voltron_exe=/home/jiaoy_group/jiaoy/data/MAGE1.25/build_gr_sami3_moments_20260523/bin/voltron.x
hostname=qhcn078
python=/apps/support/intel_spr_rocky8.9/anaconda/2024.10/bin/python
omp_threads=8
kmp_stacksize=512M
omp_stacksize=512M
ldd_missing=0

===== BASELINE VOLSHELL SMOKE =====
===== VOLTRON SHELL PRODUCT SMOKE =====
run_complete=1
end_time=2026-05-24 18:18:14 +0800
-rw-r--r-- 1 jiaoy jiaoy_group  63M May 24 18:17 sami3_moments_base_control_volshell.gam.Res.00000.h5
lrwxrwxrwx 1 jiaoy jiaoy_group   52 May 24 18:17 sami3_moments_base_control_volshell.gam.Res.XXXXX.h5 -> sami3_moments_base_control_volshell.gam.Res.00000.h5
-rw-r--r-- 1 jiaoy jiaoy_group  59M May 24 18:17 sami3_moments_base_control_volshell.gam.h5
-rw-r--r-- 1 jiaoy jiaoy_group  19M May 24 18:17 sami3_moments_base_control_volshell.gamCpl.Res.00000.h5
lrwxrwxrwx 1 jiaoy jiaoy_group   55 May 24 18:17 sami3_moments_base_control_volshell.gamCpl.Res.XXXXX.h5 -> sami3_moments_base_control_volshell.gamCpl.Res.00000.h5
-rw-r--r-- 1 jiaoy jiaoy_group 1.7M May 24 18:17 sami3_moments_base_control_volshell.gamCpl.h5
-rw-r--r-- 1 jiaoy jiaoy_group 6.3M May 24 18:17 sami3_moments_base_control_volshell.mix.Res.00000.h5
lrwxrwxrwx 1 jiaoy jiaoy_group   52 May 24 18:17 sami3_moments_base_control_volshell.mix.Res.XXXXX.h5 -> sami3_moments_base_control_volshell.mix.Res.00000.h5
-rw-r--r-- 1 jiaoy jiaoy_group  33M May 24 18:17 sami3_moments_base_control_volshell.mix.h5
-rw-r--r-- 1 jiaoy jiaoy_group 3.6M May 24 18:17 sami3_moments_base_control_volshell.raiCpl.Res.00000.h5
lrwxrwxrwx 1 jiaoy jiaoy_group   55 May 24 18:17 sami3_moments_base_control_volshell.raiCpl.Res.XXXXX.h5 -> sami3_moments_base_control_volshell.raiCpl.Res.00000.h5
-rw-r--r-- 1 jiaoy jiaoy_group 129M May 24 18:17 sami3_moments_base_control_volshell.raiju.Res.00000.h5
lrwxrwxrwx 1 jiaoy jiaoy_group   54 May 24 18:17 sami3_moments_base_control_volshell.raiju.Res.XXXXX.h5 -> sami3_moments_base_control_volshell.raiju.Res.00000.h5
-rw-r--r-- 1 jiaoy jiaoy_group  38M May 24 18:17 sami3_moments_base_control_volshell.raiju.h5
-rw-r--r-- 1 jiaoy jiaoy_group  27M May 24 18:17 sami3_moments_base_control_volshell.volt.Res.00000.h5
lrwxrwxrwx 1 jiaoy jiaoy_group   53 May 24 18:17 sami3_moments_base_control_volshell.volt.Res.XXXXX.h5 -> sami3_moments_base_control_volshell.volt.Res.00000.h5
-rw-r--r-- 1 jiaoy jiaoy_group  19M May 24 18:17 sami3_moments_base_control_volshell.volt.h5
-rw-r--r-- 1 jiaoy jiaoy_group  63M May 24 18:18 sami3_moments_volshell_D005_P005_stateTiote.gam.Res.00000.h5
lrwxrwxrwx 1 jiaoy jiaoy_group   60 May 24 18:18 sami3_moments_volshell_D005_P005_stateTiote.gam.Res.XXXXX.h5 -> sami3_moments_volshell_D005_P005_stateTiote.gam.Res.00000.h5
-rw-r--r-- 1 jiaoy jiaoy_group  59M May 24 18:18 sami3_moments_volshell_D005_P005_stateTiote.gam.h5
-rw-r--r-- 1 jiaoy jiaoy_group  19M May 24 18:18 sami3_moments_volshell_D005_P005_stateTiote.gamCpl.Res.00000.h5
lrwxrwxrwx 1 jiaoy jiaoy_group   63 May 24 18:18 sami3_moments_volshell_D005_P005_stateTiote.gamCpl.Res.XXXXX.h5 -> sami3_moments_volshell_D005_P005_stateTiote.gamCpl.Res.00000.h5
-rw-r--r-- 1 jiaoy jiaoy_group 1.7M May 24 18:18 sami3_moments_volshell_D005_P005_stateTiote.gamCpl.h5
-rw-r--r-- 1 jiaoy jiaoy_group 6.3M May 24 18:18 sami3_moments_volshell_D005_P005_stateTiote.mix.Res.00000.h5
lrwxrwxrwx 1 jiaoy jiaoy_group   60 May 24 18:18 sami3_moments_volshell_D005_P005_stateTiote.mix.Res.XXXXX.h5 -> sami3_moments_volshell_D005_P005_stateTiote.mix.Res.00000.h5
-rw-r--r-- 1 jiaoy jiaoy_group  33M May 24 18:18 sami3_moments_volshell_D005_P005_stateTiote.mix.h5
-rw-r--r-- 1 jiaoy jiaoy_group 3.6M May 24 18:18 sami3_moments_volshell_D005_P005_stateTiote.raiCpl.Res.00000.h5
lrwxrwxrwx 1 jiaoy jiaoy_group   63 May 24 18:18 sami3_moments_volshell_D005_P005_stateTiote.raiCpl.Res.XXXXX.h5 -> sami3_moments_volshell_D005_P005_stateTiote.raiCpl.Res.00000.h5
-rw-r--r-- 1 jiaoy jiaoy_group 129M May 24 18:18 sami3_moments_volshell_D005_P005_stateTiote.raiju.Res.00000.h5
lrwxrwxrwx 1 jiaoy jiaoy_group   62 May 24 18:18 sami3_moments_volshell_D005_P005_stateTiote.raiju.Res.XXXXX.h5 -> sami3_moments_volshell_D005_P005_stateTiote.raiju.Res.00000.h5
-rw-r--r-- 1 jiaoy jiaoy_group  38M May 24 18:18 sami3_moments_volshell_D005_P005_stateTiote.raiju.h5
-rw-r--r-- 1 jiaoy jiaoy_group  27M May 24 18:18 sami3_moments_volshell_D005_P005_stateTiote.volt.Res.00000.h5
lrwxrwxrwx 1 jiaoy jiaoy_group   61 May 24 18:18 sami3_moments_volshell_D005_P005_stateTiote.volt.Res.XXXXX.h5 -> sami3_moments_volshell_D005_P005_stateTiote.volt.Res.00000.h5
-rw-r--r-- 1 jiaoy jiaoy_group  19M May 24 18:18 sami3_moments_volshell_D005_P005_stateTiote.volt.h5
