wrote /home/jiaoy_group/jiaoy/data/MAGE1.25/kaiju_sami3_voltron_moments_20260523/analysis/sami3_moments_stubpayload_20260523.h5
wrote /home/jiaoy_group/jiaoy/data/MAGE1.25/kaiju_sami3_voltron_moments_20260523/analysis/sami3_moments_stubpayload_20260523.json
Pavg: shape=[124, 96] finite=11904 min=0.004729345440864563 max=2.0364253520965576 mean=0.7830304503440857
Davg: shape=[124, 96] finite=11904 min=1641.177490234375 max=109530.53125 mean=49818.8671875
Pstd: shape=[124, 96] finite=11904 min=0.0018463247688487172 max=2.7519729137420654 mean=1.2812246084213257
Dstd: shape=[124, 96] finite=11904 min=585.6715087890625 max=141351.25 mean=75490.8046875
tiote: shape=[124, 96] finite=11904 min=0.13054083287715912 max=1.0003948211669922 mean=0.9015442132949829
Davg_massEq: shape=[124, 96] finite=11904 min=49371.78125 max=1816264.625 mean=784130.9375
mu_eff: shape=[124, 96] finite=11904 min=14.785135269165039 max=30.46857261657715 mean=18.80472755432129
Pavg_e: shape=[124, 96] finite=11904 min=0.004729345440864563 max=2.561614751815796 mean=0.8920273184776306
Pavg_total: shape=[124, 96] finite=11904 min=0.009458690881729126 max=4.586398124694824 mean=1.6750576496124268
f_molecular: shape=[124, 96] finite=11904 min=0.029179219156503677 max=1.0 mean=0.2600126564502716
Ti_eff: shape=[124, 96] finite=11904 min=200.0 max=1363.3099365234375 mean=951.3583374023438
Te_eff: shape=[124, 96] finite=11904 min=200.0 max=5367.71923828125 mean=1151.0050048828125
wrote /home/jiaoy_group/jiaoy/data/MAGE1.25/kaiju_sami3_voltron_moments_20260523/analysis/sami3_voltron_raiju_diag_stubpayload_20260523.h5
wrote /home/jiaoy_group/jiaoy/data/MAGE1.25/kaiju_sami3_voltron_moments_20260523/analysis/sami3_voltron_raiju_diag_stubpayload_20260523.json
Voltron.avgP/RAIJU.Pavg: shape=[124, 96] finite=11904/11904 min=0.004729345440864563 max=2.0364253520965576 mean=0.7830304202769732
Voltron.avgN/RAIJU.Davg: shape=[124, 96] finite=11904/11904 min=1641.177490234375 max=109530.53125 mean=49818.86485054672
Voltron.stdP absolute: shape=[124, 96] finite=11904/11904 min=0.0018463247688487172 max=2.7519729137420654 mean=1.2812245837360943
Voltron.stdN absolute: shape=[124, 96] finite=11904/11904 min=585.6715087890625 max=141351.25 mean=75490.79899460782
RAIJU_State.Pstd normalized: shape=[124, 96] finite=11904/11904 min=0.3531407846198924 max=1.9337904320821773 mean=1.455078550979336
RAIJU_State.Dstd normalized: shape=[124, 96] finite=11904/11904 min=0.3521828148046795 max=1.7525325005393901 mean=1.3428616555745496
tiote: shape=[124, 96] finite=11904/11904 min=0.13054083287715912 max=1.0003948211669922 mean=0.9015442374680612
validated /home/jiaoy_group/jiaoy/data/MAGE1.25/kaiju_sami3_voltron_moments_20260523/analysis/sami3_voltron_raiju_diag_stubpayload_20260523.h5
grid: nf=124 nlt=96
RAIJU channels: 1; bulk channel: 0
TubeShellMomentsOnly channels: 6
wrote /home/jiaoy_group/jiaoy/data/MAGE1.25/kaiju_sami3_voltron_moments_20260523/analysis/sami3_voltron_raiju_diag_stubpayload_nfluid1_20260523.h5
wrote /home/jiaoy_group/jiaoy/data/MAGE1.25/kaiju_sami3_voltron_moments_20260523/analysis/sami3_voltron_raiju_diag_stubpayload_nfluid1_20260523.json
Voltron.avgP/RAIJU.Pavg: shape=[124, 96] finite=11904/11904 min=0.004729345440864563 max=2.0364253520965576 mean=0.7830304202769732
Voltron.avgN/RAIJU.Davg: shape=[124, 96] finite=11904/11904 min=1641.177490234375 max=109530.53125 mean=49818.86485054672
Voltron.stdP absolute: shape=[124, 96] finite=11904/11904 min=0.0018463247688487172 max=2.7519729137420654 mean=1.2812245837360943
Voltron.stdN absolute: shape=[124, 96] finite=11904/11904 min=585.6715087890625 max=141351.25 mean=75490.79899460782
RAIJU_State.Pstd normalized: shape=[124, 96] finite=11904/11904 min=0.3531407846198924 max=1.9337904320821773 mean=1.455078550979336
RAIJU_State.Dstd normalized: shape=[124, 96] finite=11904/11904 min=0.3521828148046795 max=1.7525325005393901 mean=1.3428616555745496
tiote: shape=[124, 96] finite=11904/11904 min=0.13054083287715912 max=1.0003948211669922 mean=0.9015442374680612
validated /home/jiaoy_group/jiaoy/data/MAGE1.25/kaiju_sami3_voltron_moments_20260523/analysis/sami3_voltron_raiju_diag_stubpayload_nfluid1_20260523.h5
grid: nf=124 nlt=96
RAIJU channels: 2; bulk channel: 0
TubeShellMomentsOnly channels: 6
SAMI3 MAGE moments smoke passed
