job_id=7674051
partition=intel
node_list=qhcn287
start_time=2026-05-25 19:10:36 +0800
run_dir=/home/jiaoy_group/jiaoy/data/MAGE1.25/kaiju_sami3_voltron_moments_20260523/analysis/runtime_ingest_tubeshell_bin_bvol_overlap_smoke_20260525
voltron_exe=/home/jiaoy_group/jiaoy/data/MAGE1.25/build_gr_sami3_moments_20260523/bin/voltron.x
mode=baseline_bvol_overlap_smoke
hostname=qhcn287
python=/apps/support/intel_spr_rocky8.9/anaconda/2024.10/bin/python
omp_threads=8
ldd_missing=0

===== BASELINE BVOL-OVERLAP SMOKE =====
run_complete=1
end_time=2026-05-25 19:11:38 +0800
-rw-r--r-- 1 jiaoy jiaoy_group  63M May 25 19:11 sami3_moments_base_control_bvol_overlap_smoke.gam.Res.00000.h5
lrwxrwxrwx 1 jiaoy jiaoy_group   62 May 25 19:11 sami3_moments_base_control_bvol_overlap_smoke.gam.Res.XXXXX.h5 -> sami3_moments_base_control_bvol_overlap_smoke.gam.Res.00000.h5
-rw-r--r-- 1 jiaoy jiaoy_group  59M May 25 19:11 sami3_moments_base_control_bvol_overlap_smoke.gam.h5
-rw-r--r-- 1 jiaoy jiaoy_group  19M May 25 19:11 sami3_moments_base_control_bvol_overlap_smoke.gamCpl.Res.00000.h5
lrwxrwxrwx 1 jiaoy jiaoy_group   65 May 25 19:11 sami3_moments_base_control_bvol_overlap_smoke.gamCpl.Res.XXXXX.h5 -> sami3_moments_base_control_bvol_overlap_smoke.gamCpl.Res.00000.h5
-rw-r--r-- 1 jiaoy jiaoy_group 1.7M May 25 19:11 sami3_moments_base_control_bvol_overlap_smoke.gamCpl.h5
-rw-r--r-- 1 jiaoy jiaoy_group 6.3M May 25 19:11 sami3_moments_base_control_bvol_overlap_smoke.mix.Res.00000.h5
lrwxrwxrwx 1 jiaoy jiaoy_group   62 May 25 19:11 sami3_moments_base_control_bvol_overlap_smoke.mix.Res.XXXXX.h5 -> sami3_moments_base_control_bvol_overlap_smoke.mix.Res.00000.h5
-rw-r--r-- 1 jiaoy jiaoy_group  33M May 25 19:11 sami3_moments_base_control_bvol_overlap_smoke.mix.h5
-rw-r--r-- 1 jiaoy jiaoy_group 3.6M May 25 19:11 sami3_moments_base_control_bvol_overlap_smoke.raiCpl.Res.00000.h5
lrwxrwxrwx 1 jiaoy jiaoy_group   65 May 25 19:11 sami3_moments_base_control_bvol_overlap_smoke.raiCpl.Res.XXXXX.h5 -> sami3_moments_base_control_bvol_overlap_smoke.raiCpl.Res.00000.h5
-rw-r--r-- 1 jiaoy jiaoy_group 129M May 25 19:11 sami3_moments_base_control_bvol_overlap_smoke.raiju.Res.00000.h5
lrwxrwxrwx 1 jiaoy jiaoy_group   64 May 25 19:11 sami3_moments_base_control_bvol_overlap_smoke.raiju.Res.XXXXX.h5 -> sami3_moments_base_control_bvol_overlap_smoke.raiju.Res.00000.h5
-rw-r--r-- 1 jiaoy jiaoy_group  38M May 25 19:11 sami3_moments_base_control_bvol_overlap_smoke.raiju.h5
-rw-r--r-- 1 jiaoy jiaoy_group  27M May 25 19:11 sami3_moments_base_control_bvol_overlap_smoke.volt.Res.00000.h5
lrwxrwxrwx 1 jiaoy jiaoy_group   63 May 25 19:11 sami3_moments_base_control_bvol_overlap_smoke.volt.Res.XXXXX.h5 -> sami3_moments_base_control_bvol_overlap_smoke.volt.Res.00000.h5
-rw-r--r-- 1 jiaoy jiaoy_group  19M May 25 19:11 sami3_moments_base_control_bvol_overlap_smoke.volt.h5
