{
  "append_start_index": 1,
  "frame_hours": [
    0.0,
    0.005
  ],
  "group": "NORTH_APEX",
  "input": [
    "/home/jiaoy_group/jiaoy/data/MAGE1.25/experiments/cesm_kaiju_bridge/long_runs/waccmx_file_d_mpi_1h_cleanexit_20260519_S7475694/cycle01_kaiju/waccmx_voltron_forward_package.h5",
    "/home/jiaoy_group/jiaoy/data/MAGE1.25/experiments/cesm_kaiju_bridge/long_runs/waccmx_file_d_mpi_1h_cleanexit_20260519_S7475694/cycle02_kaiju/waccmx_voltron_forward_package.h5"
  ],
  "last_record": {
    "hour": 1.0000000150474662e+30,
    "index": 4,
    "kind": "hour",
    "nbytes": 4,
    "offset": 97040
  },
  "nframes_available": 2,
  "output": "/home/jiaoy_group/jiaoy/data/waccmx-sami3_official/runs/sami3_online_receiver_remix_phi_weimer_live_append_20260524_0000/phi_weimer.inp",
  "phi_kV_finite_count": 24250,
  "phi_kV_max": 10.72937314195538,
  "phi_kV_mean": -0.07636781304572414,
  "phi_kV_min": -13.07980127883359,
  "phi_kV_nan_count": 0,
  "phi_kV_shape": [
    2,
    125,
    97
  ],
  "phi_statV_finite_count": 24250,
  "phi_statV_max": 35.76457713985127,
  "phi_statV_mean": -0.25455937681908053,
  "phi_statV_min": -43.59933759611197,
  "phi_statV_nan_count": 0,
  "phi_statV_shape": [
    2,
    125,
    97
  ],
  "prefix_frame_count": 1,
  "record_count_after_write": 5,
  "schema": "remix_phi_weimer_stream_update.v1",
  "source_frames": [
    {
      "hour": 0.0,
      "input": "/home/jiaoy_group/jiaoy/data/MAGE1.25/experiments/cesm_kaiju_bridge/long_runs/waccmx_file_d_mpi_1h_cleanexit_20260519_S7475694/cycle01_kaiju/waccmx_voltron_forward_package.h5",
      "source_mjd": 59552.208391203705,
      "source_time_seconds": 5.0
    },
    {
      "hour": 0.005,
      "input": "/home/jiaoy_group/jiaoy/data/MAGE1.25/experiments/cesm_kaiju_bridge/long_runs/waccmx_file_d_mpi_1h_cleanexit_20260519_S7475694/cycle02_kaiju/waccmx_voltron_forward_package.h5",
      "source_mjd": 59552.208391203705,
      "source_time_seconds": 5.0
    }
  ],
  "target_nlat": 125,
  "target_nlon": 97,
  "valid_until_hour": 1e+30,
  "weimer_grid": "/home/jiaoy_group/jiaoy/data/waccmx-sami3_official/runs/waccmx_cam_sami3_live_payload_f19_20260523_0000/weimer_grid.dat",
  "write_mode": "append",
  "written_frame_start": 1,
  "written_frame_stop_exclusive": 2
}
PHI_STREAM_APPEND_DONE=Sun May 24 22:10:30 CST 2026
0 hour nbytes=4 hour=0
1 phi nbytes=48500
2 hour nbytes=4 hour=0.00499999989
3 phi nbytes=48500
4 hour nbytes=4 hour=1.00000002e+30
