NEUTRAL_SENDER connecting to 1372979201.0:483465156
NEUTRAL_SENDER connected; sending count=1 start_step=0 start_packet_hour=0 hour_stride=0.25
NEUTRAL_SENDER sent step=0 packet_hour=0 rank=0001
NEUTRAL_SENDER sent step=0 packet_hour=0 rank=0002
NEUTRAL_SENDER sent step=0 packet_hour=0 rank=0003
NEUTRAL_SENDER sent step=0 packet_hour=0 rank=0004
NEUTRAL_SENDER sent step=0 packet_hour=0 rank=0005
NEUTRAL_SENDER sent step=0 packet_hour=0 rank=0006
NEUTRAL_SENDER sent step=0 packet_hour=0 rank=0007
NEUTRAL_SENDER sent step=0 packet_hour=0 rank=0008
NEUTRAL_SENDER sent step=0 packet_hour=0 rank=0009
NEUTRAL_SENDER sent step=0 packet_hour=0 rank=0010
NEUTRAL_SENDER sent step=0 packet_hour=0 rank=0011
NEUTRAL_SENDER sent step=0 packet_hour=0 rank=0012
NEUTRAL_SENDER sent step=0 packet_hour=0 rank=0013
NEUTRAL_SENDER sent step=0 packet_hour=0 rank=0014
NEUTRAL_SENDER sent step=0 packet_hour=0 rank=0015
NEUTRAL_SENDER sent step=0 packet_hour=0 rank=0016
NEUTRAL_SENDER sent step=0 packet_hour=0 rank=0017
NEUTRAL_SENDER sent step=0 packet_hour=0 rank=0018
NEUTRAL_SENDER sent step=0 packet_hour=0 rank=0019
NEUTRAL_SENDER sent step=0 packet_hour=0 rank=0020
NEUTRAL_SENDER sent step=0 packet_hour=0 rank=0021
NEUTRAL_SENDER sent step=0 packet_hour=0 rank=0022
NEUTRAL_SENDER sent step=0 packet_hour=0 rank=0023
NEUTRAL_SENDER sent step=0 packet_hour=0 rank=0024
NEUTRAL_SENDER sent step=0 packet_hour=0 rank=0025
NEUTRAL_SENDER sent step=0 packet_hour=0 rank=0026
NEUTRAL_SENDER sent step=0 packet_hour=0 rank=0027
NEUTRAL_SENDER sent step=0 packet_hour=0 rank=0028
NEUTRAL_SENDER sent step=0 packet_hour=0 rank=0029
NEUTRAL_SENDER sent step=0 packet_hour=0 rank=0030
NEUTRAL_SENDER sent step=0 packet_hour=0 rank=0031
NEUTRAL_SENDER sent step=0 packet_hour=0 rank=0032
NEUTRAL_SENDER sent done signal
NEUTRAL_SENDER done
