job_id=7673602
partition=intel
node_list=qhcn075
start_time=2026-05-25 18:03:45 +0800
run_dir=/home/jiaoy_group/jiaoy/data/MAGE1.25/kaiju_sami3_voltron_moments_20260523/analysis/runtime_ingest_tubeshell_bin_bvolcc_tiote_debug_20260525
voltron_exe=/home/jiaoy_group/jiaoy/data/MAGE1.25/build_gr_sami3_moments_20260523/bin/voltron.x
mode=tubeshell_bin_bvolcc_tiote_debug
hostname=qhcn075
ldd_missing=0

run_complete=1
end_time=2026-05-25 18:04:49 +0800
-rw-r--r-- 1 jiaoy jiaoy_group  63M May 25 18:04 sami3_moments_tubeshell_bin_bvolcc_tiote_debug.gam.Res.00000.h5
lrwxrwxrwx 1 jiaoy jiaoy_group   63 May 25 18:04 sami3_moments_tubeshell_bin_bvolcc_tiote_debug.gam.Res.XXXXX.h5 -> sami3_moments_tubeshell_bin_bvolcc_tiote_debug.gam.Res.00000.h5
-rw-r--r-- 1 jiaoy jiaoy_group  59M May 25 18:04 sami3_moments_tubeshell_bin_bvolcc_tiote_debug.gam.h5
-rw-r--r-- 1 jiaoy jiaoy_group  19M May 25 18:04 sami3_moments_tubeshell_bin_bvolcc_tiote_debug.gamCpl.Res.00000.h5
lrwxrwxrwx 1 jiaoy jiaoy_group   66 May 25 18:04 sami3_moments_tubeshell_bin_bvolcc_tiote_debug.gamCpl.Res.XXXXX.h5 -> sami3_moments_tubeshell_bin_bvolcc_tiote_debug.gamCpl.Res.00000.h5
-rw-r--r-- 1 jiaoy jiaoy_group 1.7M May 25 18:04 sami3_moments_tubeshell_bin_bvolcc_tiote_debug.gamCpl.h5
-rw-r--r-- 1 jiaoy jiaoy_group 6.3M May 25 18:04 sami3_moments_tubeshell_bin_bvolcc_tiote_debug.mix.Res.00000.h5
lrwxrwxrwx 1 jiaoy jiaoy_group   63 May 25 18:04 sami3_moments_tubeshell_bin_bvolcc_tiote_debug.mix.Res.XXXXX.h5 -> sami3_moments_tubeshell_bin_bvolcc_tiote_debug.mix.Res.00000.h5
-rw-r--r-- 1 jiaoy jiaoy_group  33M May 25 18:04 sami3_moments_tubeshell_bin_bvolcc_tiote_debug.mix.h5
-rw-r--r-- 1 jiaoy jiaoy_group 3.6M May 25 18:04 sami3_moments_tubeshell_bin_bvolcc_tiote_debug.raiCpl.Res.00000.h5
lrwxrwxrwx 1 jiaoy jiaoy_group   66 May 25 18:04 sami3_moments_tubeshell_bin_bvolcc_tiote_debug.raiCpl.Res.XXXXX.h5 -> sami3_moments_tubeshell_bin_bvolcc_tiote_debug.raiCpl.Res.00000.h5
-rw-r--r-- 1 jiaoy jiaoy_group 129M May 25 18:04 sami3_moments_tubeshell_bin_bvolcc_tiote_debug.raiju.Res.00000.h5
lrwxrwxrwx 1 jiaoy jiaoy_group   65 May 25 18:04 sami3_moments_tubeshell_bin_bvolcc_tiote_debug.raiju.Res.XXXXX.h5 -> sami3_moments_tubeshell_bin_bvolcc_tiote_debug.raiju.Res.00000.h5
-rw-r--r-- 1 jiaoy jiaoy_group 471M May 25 18:04 sami3_moments_tubeshell_bin_bvolcc_tiote_debug.raiju.h5
-rw-r--r-- 1 jiaoy jiaoy_group  27M May 25 18:04 sami3_moments_tubeshell_bin_bvolcc_tiote_debug.volt.Res.00000.h5
lrwxrwxrwx 1 jiaoy jiaoy_group   64 May 25 18:04 sami3_moments_tubeshell_bin_bvolcc_tiote_debug.volt.Res.XXXXX.h5 -> sami3_moments_tubeshell_bin_bvolcc_tiote_debug.volt.Res.00000.h5
-rw-r--r-- 1 jiaoy jiaoy_group  19M May 25 18:04 sami3_moments_tubeshell_bin_bvolcc_tiote_debug.volt.h5
