job_id=7671981
partition=intel
node_list=qhcn075
start_time=2026-05-25 15:43:43 +0800
run_dir=/home/jiaoy_group/jiaoy/data/MAGE1.25/kaiju_sami3_voltron_moments_20260523/analysis/runtime_ingest_tubeshell_bin_bvolcc_conservative_long1800_20260525
voltron_exe=/home/jiaoy_group/jiaoy/data/MAGE1.25/build_gr_sami3_moments_20260523/bin/voltron.x
label=long1800_bvolcc_cons
mode=tubeshell_bin_bvolcc_conservative_density_only
alphaDavg=0.05
alphaPavg=0.0
alphaPstd=0.0
alphaDstd=0.0
alphaTiote=0.0
hostname=qhcn075
python=/apps/support/intel_spr_rocky8.9/anaconda/2024.10/bin/python
omp_threads=8
kmp_stacksize=512M
omp_stacksize=512M
ldd_missing=0

===== BASELINE LONG1800 =====
===== SAMI3 TUBESHELL BIN-BVOLCC CONSERVATIVE LONG1800 =====
run_complete=1
end_time=2026-05-25 17:05:36 +0800
-rw-r--r-- 1 jiaoy jiaoy_group  63M May 25 15:44 sami3_moments_base_control_long1800_bvolcc_cons.gam.Res.00000.h5
lrwxrwxrwx 1 jiaoy jiaoy_group   64 May 25 15:44 sami3_moments_base_control_long1800_bvolcc_cons.gam.Res.XXXXX.h5 -> sami3_moments_base_control_long1800_bvolcc_cons.gam.Res.00000.h5
-rw-r--r-- 1 jiaoy jiaoy_group 4.7G May 25 16:26 sami3_moments_base_control_long1800_bvolcc_cons.gam.h5
-rw-r--r-- 1 jiaoy jiaoy_group  19M May 25 15:44 sami3_moments_base_control_long1800_bvolcc_cons.gamCpl.Res.00000.h5
lrwxrwxrwx 1 jiaoy jiaoy_group   67 May 25 15:44 sami3_moments_base_control_long1800_bvolcc_cons.gamCpl.Res.XXXXX.h5 -> sami3_moments_base_control_long1800_bvolcc_cons.gamCpl.Res.00000.h5
-rw-r--r-- 1 jiaoy jiaoy_group 150M May 25 16:26 sami3_moments_base_control_long1800_bvolcc_cons.gamCpl.h5
-rw-r--r-- 1 jiaoy jiaoy_group 6.3M May 25 15:44 sami3_moments_base_control_long1800_bvolcc_cons.mix.Res.00000.h5
lrwxrwxrwx 1 jiaoy jiaoy_group   64 May 25 15:44 sami3_moments_base_control_long1800_bvolcc_cons.mix.Res.XXXXX.h5 -> sami3_moments_base_control_long1800_bvolcc_cons.mix.Res.00000.h5
-rw-r--r-- 1 jiaoy jiaoy_group 2.9G May 25 16:26 sami3_moments_base_control_long1800_bvolcc_cons.mix.h5
-rw-r--r-- 1 jiaoy jiaoy_group 3.6M May 25 15:44 sami3_moments_base_control_long1800_bvolcc_cons.raiCpl.Res.00000.h5
lrwxrwxrwx 1 jiaoy jiaoy_group   67 May 25 15:44 sami3_moments_base_control_long1800_bvolcc_cons.raiCpl.Res.XXXXX.h5 -> sami3_moments_base_control_long1800_bvolcc_cons.raiCpl.Res.00000.h5
-rw-r--r-- 1 jiaoy jiaoy_group 129M May 25 15:44 sami3_moments_base_control_long1800_bvolcc_cons.raiju.Res.00000.h5
lrwxrwxrwx 1 jiaoy jiaoy_group   66 May 25 15:44 sami3_moments_base_control_long1800_bvolcc_cons.raiju.Res.XXXXX.h5 -> sami3_moments_base_control_long1800_bvolcc_cons.raiju.Res.00000.h5
-rw-r--r-- 1 jiaoy jiaoy_group 3.3G May 25 16:26 sami3_moments_base_control_long1800_bvolcc_cons.raiju.h5
-rw-r--r-- 1 jiaoy jiaoy_group  27M May 25 15:44 sami3_moments_base_control_long1800_bvolcc_cons.volt.Res.00000.h5
lrwxrwxrwx 1 jiaoy jiaoy_group   65 May 25 15:44 sami3_moments_base_control_long1800_bvolcc_cons.volt.Res.XXXXX.h5 -> sami3_moments_base_control_long1800_bvolcc_cons.volt.Res.00000.h5
-rw-r--r-- 1 jiaoy jiaoy_group 1.6G May 25 16:26 sami3_moments_base_control_long1800_bvolcc_cons.volt.h5
-rw-r--r-- 1 jiaoy jiaoy_group  63M May 25 16:27 sami3_moments_dsB_lmlt_recommended_long1800_bvolcc_cons.gam.Res.00000.h5
lrwxrwxrwx 1 jiaoy jiaoy_group   72 May 25 16:27 sami3_moments_dsB_lmlt_recommended_long1800_bvolcc_cons.gam.Res.XXXXX.h5 -> sami3_moments_dsB_lmlt_recommended_long1800_bvolcc_cons.gam.Res.00000.h5
-rw-r--r-- 1 jiaoy jiaoy_group 4.7G May 25 17:05 sami3_moments_dsB_lmlt_recommended_long1800_bvolcc_cons.gam.h5
-rw-r--r-- 1 jiaoy jiaoy_group  19M May 25 16:27 sami3_moments_dsB_lmlt_recommended_long1800_bvolcc_cons.gamCpl.Res.00000.h5
lrwxrwxrwx 1 jiaoy jiaoy_group   75 May 25 16:27 sami3_moments_dsB_lmlt_recommended_long1800_bvolcc_cons.gamCpl.Res.XXXXX.h5 -> sami3_moments_dsB_lmlt_recommended_long1800_bvolcc_cons.gamCpl.Res.00000.h5
-rw-r--r-- 1 jiaoy jiaoy_group 150M May 25 17:05 sami3_moments_dsB_lmlt_recommended_long1800_bvolcc_cons.gamCpl.h5
-rw-r--r-- 1 jiaoy jiaoy_group 6.3M May 25 16:27 sami3_moments_dsB_lmlt_recommended_long1800_bvolcc_cons.mix.Res.00000.h5
lrwxrwxrwx 1 jiaoy jiaoy_group   72 May 25 16:27 sami3_moments_dsB_lmlt_recommended_long1800_bvolcc_cons.mix.Res.XXXXX.h5 -> sami3_moments_dsB_lmlt_recommended_long1800_bvolcc_cons.mix.Res.00000.h5
-rw-r--r-- 1 jiaoy jiaoy_group 2.9G May 25 17:05 sami3_moments_dsB_lmlt_recommended_long1800_bvolcc_cons.mix.h5
-rw-r--r-- 1 jiaoy jiaoy_group 3.6M May 25 16:27 sami3_moments_dsB_lmlt_recommended_long1800_bvolcc_cons.raiCpl.Res.00000.h5
lrwxrwxrwx 1 jiaoy jiaoy_group   75 May 25 16:27 sami3_moments_dsB_lmlt_recommended_long1800_bvolcc_cons.raiCpl.Res.XXXXX.h5 -> sami3_moments_dsB_lmlt_recommended_long1800_bvolcc_cons.raiCpl.Res.00000.h5
-rw-r--r-- 1 jiaoy jiaoy_group 129M May 25 16:27 sami3_moments_dsB_lmlt_recommended_long1800_bvolcc_cons.raiju.Res.00000.h5
lrwxrwxrwx 1 jiaoy jiaoy_group   74 May 25 16:27 sami3_moments_dsB_lmlt_recommended_long1800_bvolcc_cons.raiju.Res.XXXXX.h5 -> sami3_moments_dsB_lmlt_recommended_long1800_bvolcc_cons.raiju.Res.00000.h5
-rw-r--r-- 1 jiaoy jiaoy_group 3.3G May 25 17:05 sami3_moments_dsB_lmlt_recommended_long1800_bvolcc_cons.raiju.h5
-rw-r--r-- 1 jiaoy jiaoy_group  27M May 25 16:27 sami3_moments_dsB_lmlt_recommended_long1800_bvolcc_cons.volt.Res.00000.h5
lrwxrwxrwx 1 jiaoy jiaoy_group   73 May 25 16:27 sami3_moments_dsB_lmlt_recommended_long1800_bvolcc_cons.volt.Res.XXXXX.h5 -> sami3_moments_dsB_lmlt_recommended_long1800_bvolcc_cons.volt.Res.00000.h5
-rw-r--r-- 1 jiaoy jiaoy_group 1.6G May 25 17:05 sami3_moments_dsB_lmlt_recommended_long1800_bvolcc_cons.volt.h5
